Установка mysql
sudo apt-get install mysql-server

Задать пароль пользователя БД

Ошибка: ERROR 2002 (HY000): Can't connect to local MySQL server through socket '/var/run/mysqld/mysqld.sock' (13)
Лечится:
sudo mkdir /var/run/mysqld
sudo mkfifo /var/run/mysqld/mysqld.sock
sudo chown -R mysql /var/run/mysqld/
sudo /etc/init.d/mysql start
sudo mysql -u root

Зайти
mysql -u user -p
Если возникнут проблемы с паролем пользователя помогло 
https://ubuntugeeks.com/questions/6655/mysql-doesnt-ask-for-root-password-when-installing
$ sudo mkdir /var/run/mysqld; sudo chown mysql /var/run/mysqld
$ sudo mysqld_safe --skip-grant-tables
$ sudo mysql --user=root mysq
mysql> update user set authentication_string=PASSWORD('new-password') where user='root';
flush privileges;
$ sudo service mysql stop
$ sudo service mysql start


Создать свою БД 
create database test1 character set utf8 collate utf8_unicode_ci;

virtualenv venv
Избегать кириллицы в пути до виртуальной среды

В MySQL
show databases; - посмотреть таблички.

Установить sqlalchemy
pip install flask-sqlalchemy mysql-connector

model 
views отображение 
controler получение запроса, обработка, отправка

Соотнести карту и територию этот процесс кручения, вертения и есть mapping

Зачем нужен __init__(self, ...)?
Ответ: Конструктор класса.

Зачем нужен __repr__(self)?
Ответ: Для читаемого вывода информации элементов объекта
прим:
без __repr__ вывод <__main__.Post object at 0x7f24267c7320>
c __repr__(self)
вывод <Post id: b, title: a>
код:
class Post:
...     def __init__(self, title, body):
...         self.body = body
...         self.title = title
...     def __repr__(self): # ()
...         return '<Post id: {}, title: {}>'.format(self.body, self.title)


*args - список позиционных аргументов.
**kwargs - словарь именнованых параметро.

class Post(db.Model):

    def __init__(self, *args, **kwargs):
        # Model класс предок класса Post, чтобы вызвать конструктор предка используем super()
        super(Post, self).__init__(*args, **kwargs)

У SQLAlhemy в консоли python
from app import db
db.create_all() # Создаст таблицы по данным описаным в models
Ошибка:
 Access denied for user 'root'@'localhost'
Решение:
(мне помогло из https://stackoverflow.com/questions/39281594/error-1698-28000-access-denied-for-user-rootlocalhost)
А именно:
$ sudo mysql -u root # I had to use "sudo" since is new installation

mysql> USE mysql;
mysql> UPDATE user SET plugin='mysql_native_password' WHERE User='root';
mysql> FLUSH PRIVILEGES;
mysql> exit;

$ service mysql restart
