Установка mysql
sudo apt-get install mysql-server

Задать пароль пользователя БД

Ошибка: ERROR 2002 (HY000): Can't connect to local MySQL server through socket '/var/run/mysqld/mysqld.sock' (13)
Лечится:
sudo mkdir /var/run/mysqld
sudo mkfifo /var/run/mysqld/mysqld.sock
sudo chown -R mysql /var/run/mysqld/
sudo /etc/init.d/mysql start
sudo mysql -u root

Зайти
mysql -u user -p
Если возникнут проблемы с паролем пользователя помогло 
https://ubuntugeeks.com/questions/6655/mysql-doesnt-ask-for-root-password-when-installing
$ sudo mkdir /var/run/mysqld; sudo chown mysql /var/run/mysqld
$ sudo mysqld_safe --skip-grant-tables
$ sudo mysql --user=root mysq
mysql> update user set authentication_string=PASSWORD('new-password') where user='root';
flush privileges;
$ sudo service mysql stop
$ sudo service mysql start


Создать свою БД 
create database test1 character set utf8 collate utf8_unicode_ci;

virtualenv venv
Избегать кириллицы в пути до виртуальной среды

Команды в MySQL
use test1; - выбрать БД
shell> mysql -h host -u user -p menagerie - тоже, что и use только из командной строки.

show database(); - показать используемую БД.
show tabels;- показать таблички в БД.
show databases; - посмотреть таблички.

Установить sqlalchemy
pip install flask-sqlalchemy mysql-connector

model
views отображение 
controler получение запроса, обработка, отправка

Соотнести карту и територию этот процесс кручения, вертения и есть mapping

Зачем нужен __init__(self, ...)?
Ответ: Конструктор класса.

Зачем нужен __repr__(self)?
Ответ: Для читаемого вывода информации элементов объекта
прим:
без __repr__ вывод <__main__.Post object at 0x7f24267c7320>
c __repr__(self)
вывод <Post id: b, title: a>
код:
class Post:
...     def __init__(self, title, body):
...         self.body = body
...         self.title = title
...     def __repr__(self): # ()
...         return '<Post id: {}, title: {}>'.format(self.body, self.title)

Зачем нужен render_template в Flask? Чтобы вернуть указаный шаблон с парамметрами

*args - список позиционных аргументов.
def summa(*args):
    return sum(args)
summa(1, 2, 3, 4)

**kwargs - словарь именнованых параметро.

class Post(db.Model):

    def __init__(self, *args, **kwargs):
        # Model класс предок класса Post, чтобы вызвать конструктор предка используем super()
        super(Post, self).__init__(*args, **kwargs)

У SQLAlhemy в консоли python
from app import db
db.create_all() # Создаст таблицы по данным описаным в models
Ошибка:
 Access denied for user 'root'@'localhost'
Решение:
(мне помогло из https://stackoverflow.com/questions/39281594/error-1698-28000-access-denied-for-user-rootlocalhost)
from models import Post
p = Post(title='First post', body='First post body')
db.session.add(p)
db.session.commit()
p


А именно:
$ sudo mysql -u root # I had to use "sudo" since is new installation

mysql> USE mysql;
mysql> UPDATE user SET plugin='mysql_native_password' WHERE User='root';
mysql> FLUSH PRIVILEGES;
mysql> exit;

$ service mysql restart


Миграции переход от одной структуры данных к другой.

pip install flask-migrate
pip install flask-script

Команды миграций:
python manage.py db init

python manage.py db migrate # Создает файл миграции
python manage.py db upgrade # Приминить миграцию к БД


Один у одному
Один ко многим

Многие ко многим(ManyToMany)
ForeignKey(FK)
Связь многие ко многим реализуется путем создания дополнительной таблицы
Post-Tag
post_id tag_1d

# Добавляем табличку для реализации связи многие ко многим для таблиц Post и Tag
post_tags = db.Table('post_tags',
                     db.Column('post_id', db.Integer, db.ForeignKey('post.id')),
                     db.Column('tag_id', db.Integer, db.ForeignKey('tag.id'))
)

добавляем отношение в Post
tags = db.relationship('Tag', secondary=post_tags, backref=db.backref('posts', lazy='dynamic'))

db.relationship('Tag', secondary=post_tags, backref=db.backref('posts', lazy='dynamic'))
lazy='dynamic' говорит нам что будет возвращен класс BaseQuery

# Для работы в flask c html формами удобно использовать плагин для flask
pip install wtforms

Формы
Добавляем в posts файл forms.py
Добавить обработчик

!Порядок расположение вьюх имеет значение

Чтобы обрабатывать Post запросы надо добавить в декоратор methods=['POST', 'GET']
@posts.route('/create', methods=['POST', 'GET'])

from app import db # db экземпляр класса sqlAlhemy

Post.query.all() # Выведет все посты
Post.query.order_by(Post.created.desc()) # отсортирует все посты от последней даты добавления до первой